Archive member included to satisfy reference by file (symbol)

/usr/bin/../lib/gcc/arm-none-eabi/7.2.1/thumb/v7-m/libgcc.a(unwind-arm.o)
                              ./system/src/newlib/_cxx.o (__aeabi_unwind_cpp_pr1)
/usr/bin/../lib/gcc/arm-none-eabi/7.2.1/thumb/v7-m/libgcc.a(libunwind.o)
                              /usr/bin/../lib/gcc/arm-none-eabi/7.2.1/thumb/v7-m/libgcc.a(unwind-arm.o) (restore_core_regs)
/usr/bin/../lib/gcc/arm-none-eabi/7.2.1/thumb/v7-m/libgcc.a(pr-support.o)
                              /usr/bin/../lib/gcc/arm-none-eabi/7.2.1/thumb/v7-m/libgcc.a(unwind-arm.o) (__gnu_unwind_execute)
/usr/bin/../lib/gcc/arm-none-eabi/7.2.1/../../../../arm-none-eabi/lib/thumb/v7-m/libg_nano.a(lib_a-errno.o)
                              ./system/src/newlib/_sbrk.o (__errno)
/usr/bin/../lib/gcc/arm-none-eabi/7.2.1/../../../../arm-none-eabi/lib/thumb/v7-m/libg_nano.a(lib_a-impure.o)
                              /usr/bin/../lib/gcc/arm-none-eabi/7.2.1/../../../../arm-none-eabi/lib/thumb/v7-m/libg_nano.a(lib_a-errno.o) (_impure_ptr)
/usr/bin/../lib/gcc/arm-none-eabi/7.2.1/../../../../arm-none-eabi/lib/thumb/v7-m/libg_nano.a(lib_a-init.o)
                              ./system/src/cmsis/startup_stm32f103xb.o (__libc_init_array)
/usr/bin/../lib/gcc/arm-none-eabi/7.2.1/../../../../arm-none-eabi/lib/thumb/v7-m/libg_nano.a(lib_a-memcpy-stub.o)
                              /usr/bin/../lib/gcc/arm-none-eabi/7.2.1/thumb/v7-m/libgcc.a(unwind-arm.o) (memcpy)
/usr/bin/../lib/gcc/arm-none-eabi/7.2.1/../../../../arm-none-eabi/lib/thumb/v7-m/libg_nano.a(lib_a-rand.o)
                              ./src/visEffect.o (rand)
/usr/bin/../lib/gcc/arm-none-eabi/7.2.1/../../../../arm-none-eabi/lib/thumb/v7-m/libg_nano.a(lib_a-strlen.o)
                              ./system/src/diag/Trace.o (strlen)
/usr/bin/../lib/gcc/arm-none-eabi/7.2.1/../../../../arm-none-eabi/lib/thumb/v7-m/libg_nano.a(lib_a-vsnprintf.o)
                              ./system/src/diag/Trace.o (vsnprintf)
/usr/bin/../lib/gcc/arm-none-eabi/7.2.1/../../../../arm-none-eabi/lib/thumb/v7-m/libg_nano.a(lib_a-malloc.o)
                              /usr/bin/../lib/gcc/arm-none-eabi/7.2.1/../../../../arm-none-eabi/lib/thumb/v7-m/libg_nano.a(lib_a-rand.o) (malloc)
/usr/bin/../lib/gcc/arm-none-eabi/7.2.1/../../../../arm-none-eabi/lib/thumb/v7-m/libg_nano.a(lib_a-nano-freer.o)
                              /usr/bin/../lib/gcc/arm-none-eabi/7.2.1/../../../../arm-none-eabi/lib/thumb/v7-m/libg_nano.a(lib_a-malloc.o) (_free_r)
/usr/bin/../lib/gcc/arm-none-eabi/7.2.1/../../../../arm-none-eabi/lib/thumb/v7-m/libg_nano.a(lib_a-nano-mallocr.o)
                              /usr/bin/../lib/gcc/arm-none-eabi/7.2.1/../../../../arm-none-eabi/lib/thumb/v7-m/libg_nano.a(lib_a-malloc.o) (_malloc_r)
/usr/bin/../lib/gcc/arm-none-eabi/7.2.1/../../../../arm-none-eabi/lib/thumb/v7-m/libg_nano.a(lib_a-nano-svfprintf.o)
                              /usr/bin/../lib/gcc/arm-none-eabi/7.2.1/../../../../arm-none-eabi/lib/thumb/v7-m/libg_nano.a(lib_a-vsnprintf.o) (_svfprintf_r)
/usr/bin/../lib/gcc/arm-none-eabi/7.2.1/../../../../arm-none-eabi/lib/thumb/v7-m/libg_nano.a(lib_a-nano-vfprintf_i.o)
                              /usr/bin/../lib/gcc/arm-none-eabi/7.2.1/../../../../arm-none-eabi/lib/thumb/v7-m/libg_nano.a(lib_a-nano-svfprintf.o) (_printf_i)
/usr/bin/../lib/gcc/arm-none-eabi/7.2.1/../../../../arm-none-eabi/lib/thumb/v7-m/libg_nano.a(lib_a-sbrkr.o)
                              /usr/bin/../lib/gcc/arm-none-eabi/7.2.1/../../../../arm-none-eabi/lib/thumb/v7-m/libg_nano.a(lib_a-nano-mallocr.o) (_sbrk_r)
/usr/bin/../lib/gcc/arm-none-eabi/7.2.1/../../../../arm-none-eabi/lib/thumb/v7-m/libg_nano.a(lib_a-memchr-stub.o)
                              /usr/bin/../lib/gcc/arm-none-eabi/7.2.1/../../../../arm-none-eabi/lib/thumb/v7-m/libg_nano.a(lib_a-nano-svfprintf.o) (memchr)
/usr/bin/../lib/gcc/arm-none-eabi/7.2.1/../../../../arm-none-eabi/lib/thumb/v7-m/libg_nano.a(lib_a-memmove.o)
                              /usr/bin/../lib/gcc/arm-none-eabi/7.2.1/../../../../arm-none-eabi/lib/thumb/v7-m/libg_nano.a(lib_a-nano-svfprintf.o) (memmove)
/usr/bin/../lib/gcc/arm-none-eabi/7.2.1/../../../../arm-none-eabi/lib/thumb/v7-m/libg_nano.a(lib_a-mlock.o)
                              /usr/bin/../lib/gcc/arm-none-eabi/7.2.1/../../../../arm-none-eabi/lib/thumb/v7-m/libg_nano.a(lib_a-nano-freer.o) (__malloc_lock)
/usr/bin/../lib/gcc/arm-none-eabi/7.2.1/../../../../arm-none-eabi/lib/thumb/v7-m/libg_nano.a(lib_a-nano-reallocr.o)
                              /usr/bin/../lib/gcc/arm-none-eabi/7.2.1/../../../../arm-none-eabi/lib/thumb/v7-m/libg_nano.a(lib_a-nano-svfprintf.o) (_realloc_r)
/usr/bin/../lib/gcc/arm-none-eabi/7.2.1/../../../../arm-none-eabi/lib/thumb/v7-m/libg_nano.a(lib_a-nano-msizer.o)
                              /usr/bin/../lib/gcc/arm-none-eabi/7.2.1/../../../../arm-none-eabi/lib/thumb/v7-m/libg_nano.a(lib_a-nano-reallocr.o) (_malloc_usable_size_r)

Allocating common symbols
[...]
Memory Configuration

Name             Origin             Length             Attributes
FLASH            0x0000000008000000 0x0000000000020000 xr
RAM              0x0000000020000000 0x0000000000005000 xrw
CCMRAM           0x0000000010000000 0x0000000000000000 xrw
FLASHB1          0x0000000000000000 0x0000000000000000 xr
EXTMEMB0         0x0000000000000000 0x0000000000000000 xr
EXTMEMB1         0x0000000000000000 0x0000000000000000 xr
EXTMEMB2         0x0000000000000000 0x0000000000000000 xr
EXTMEMB3         0x0000000000000000 0x0000000000000000 xr
*default*        0x0000000000000000 0xffffffffffffffff

Linker script and memory map

LOAD ./system/src/stm32f1xx/stm32f1xx_hal.o
LOAD ./system/src/stm32f1xx/stm32f1xx_hal_adc.o
LOAD ./system/src/stm32f1xx/stm32f1xx_hal_adc_ex.o
LOAD ./system/src/stm32f1xx/stm32f1xx_hal_can.o
LOAD ./system/src/stm32f1xx/stm32f1xx_hal_cec.o
LOAD ./system/src/stm32f1xx/stm32f1xx_hal_cortex.o
LOAD ./system/src/stm32f1xx/stm32f1xx_hal_crc.o
LOAD ./system/src/stm32f1xx/stm32f1xx_hal_dac.o
LOAD ./system/src/stm32f1xx/stm32f1xx_hal_dac_ex.o
LOAD ./system/src/stm32f1xx/stm32f1xx_hal_dma.o
LOAD ./system/src/stm32f1xx/stm32f1xx_hal_eth.o
LOAD ./system/src/stm32f1xx/stm32f1xx_hal_flash.o
LOAD ./system/src/stm32f1xx/stm32f1xx_hal_flash_ex.o
LOAD ./system/src/stm32f1xx/stm32f1xx_hal_gpio.o
LOAD ./system/src/stm32f1xx/stm32f1xx_hal_gpio_ex.o
LOAD ./system/src/stm32f1xx/stm32f1xx_hal_hcd.o
LOAD ./system/src/stm32f1xx/stm32f1xx_hal_i2c.o
LOAD ./system/src/stm32f1xx/stm32f1xx_hal_i2s.o
LOAD ./system/src/stm32f1xx/stm32f1xx_hal_irda.o
LOAD ./system/src/stm32f1xx/stm32f1xx_hal_iwdg.o
LOAD ./system/src/stm32f1xx/stm32f1xx_hal_mmc.o
LOAD ./system/src/stm32f1xx/stm32f1xx_hal_msp_template.o
LOAD ./system/src/stm32f1xx/stm32f1xx_hal_nand.o
LOAD ./system/src/stm32f1xx/stm32f1xx_hal_nor.o
LOAD ./system/src/stm32f1xx/stm32f1xx_hal_pccard.o
LOAD ./system/src/stm32f1xx/stm32f1xx_hal_pcd.o
LOAD ./system/src/stm32f1xx/stm32f1xx_hal_pcd_ex.o
LOAD ./system/src/stm32f1xx/stm32f1xx_hal_pwr.o
LOAD ./system/src/stm32f1xx/stm32f1xx_hal_rcc.o
LOAD ./system/src/stm32f1xx/stm32f1xx_hal_rcc_ex.o
LOAD ./system/src/stm32f1xx/stm32f1xx_hal_rtc.o
LOAD ./system/src/stm32f1xx/stm32f1xx_hal_rtc_ex.o
LOAD ./system/src/stm32f1xx/stm32f1xx_hal_sd.o
LOAD ./system/src/stm32f1xx/stm32f1xx_hal_smartcard.o
LOAD ./system/src/stm32f1xx/stm32f1xx_hal_spi.o
LOAD ./system/src/stm32f1xx/stm32f1xx_hal_spi_ex.o
LOAD ./system/src/stm32f1xx/stm32f1xx_hal_sram.o
LOAD ./system/src/stm32f1xx/stm32f1xx_hal_tim.o
LOAD ./system/src/stm32f1xx/stm32f1xx_hal_tim_ex.o
LOAD ./system/src/stm32f1xx/stm32f1xx_hal_uart.o
LOAD ./system/src/stm32f1xx/stm32f1xx_hal_usart.o
LOAD ./system/src/stm32f1xx/stm32f1xx_hal_wwdg.o
LOAD ./system/src/stm32f1xx/stm32f1xx_ll_adc.o
LOAD ./system/src/stm32f1xx/stm32f1xx_ll_crc.o
LOAD ./system/src/stm32f1xx/stm32f1xx_ll_dac.o
LOAD ./system/src/stm32f1xx/stm32f1xx_ll_dma.o
LOAD ./system/src/stm32f1xx/stm32f1xx_ll_exti.o
LOAD ./system/src/stm32f1xx/stm32f1xx_ll_fsmc.o
LOAD ./system/src/stm32f1xx/stm32f1xx_ll_gpio.o
LOAD ./system/src/stm32f1xx/stm32f1xx_ll_i2c.o
LOAD ./system/src/stm32f1xx/stm32f1xx_ll_pwr.o
LOAD ./system/src/stm32f1xx/stm32f1xx_ll_rcc.o
LOAD ./system/src/stm32f1xx/stm32f1xx_ll_rtc.o
LOAD ./system/src/stm32f1xx/stm32f1xx_ll_sdmmc.o
LOAD ./system/src/stm32f1xx/stm32f1xx_ll_spi.o
LOAD ./system/src/stm32f1xx/stm32f1xx_ll_tim.o
LOAD ./system/src/stm32f1xx/stm32f1xx_ll_usart.o
LOAD ./system/src/stm32f1xx/stm32f1xx_ll_usb.o
LOAD ./system/src/stm32f1xx/stm32f1xx_ll_utils.o
LOAD ./system/src/newlib/_cxx.o
LOAD ./system/src/newlib/_exit.o
LOAD ./system/src/newlib/_sbrk.o
LOAD ./system/src/newlib/_startup.o
LOAD ./system/src/newlib/_syscalls.o
LOAD ./system/src/newlib/assert.o
LOAD ./system/src/diag/Trace.o
LOAD ./system/src/diag/trace_impl.o
LOAD ./system/src/cortexm/_initialize_hardware.o
LOAD ./system/src/cortexm/_reset_hardware.o
LOAD ./system/src/cortexm/exception_handlers.o
LOAD ./system/src/cmsis/startup_stm32f103xb.o
LOAD ./system/src/cmsis/system_stm32f1xx.o
LOAD ./src/_write.o
LOAD ./src/main.o
LOAD ./src/stm32f1xx_it.o
LOAD ./src/visEffect.o
LOAD ./src/ws2812b.o
LOAD /usr/bin/../lib/gcc/arm-none-eabi/7.2.1/../../../../arm-none-eabi/lib/thumb/v7-m/libstdc++_nano.a
LOAD /usr/bin/../lib/gcc/arm-none-eabi/7.2.1/../../../../arm-none-eabi/lib/thumb/v7-m/libm.a
START GROUP
LOAD /usr/bin/../lib/gcc/arm-none-eabi/7.2.1/thumb/v7-m/libgcc.a
LOAD /usr/bin/../lib/gcc/arm-none-eabi/7.2.1/../../../../arm-none-eabi/lib/thumb/v7-m/libg_nano.a
LOAD /usr/bin/../lib/gcc/arm-none-eabi/7.2.1/../../../../arm-none-eabi/lib/thumb/v7-m/libc_nano.a
END GROUP
START GROUP
LOAD /usr/bin/../lib/gcc/arm-none-eabi/7.2.1/thumb/v7-m/libgcc.a
LOAD /usr/bin/../lib/gcc/arm-none-eabi/7.2.1/../../../../arm-none-eabi/lib/thumb/v7-m/libc_nano.a
END GROUP
                0x0000000020005000                __stack = (ORIGIN (RAM) + LENGTH (RAM))
                0x0000000020005000                _estack = __stack
                0x0000000000000400                __Main_Stack_Size = 0x400
                [!provide]                        PROVIDE (_Main_Stack_Size, __Main_Stack_Size)
                0x0000000020004c00                __Main_Stack_Limit = (__stack - __Main_Stack_Size)
                [!provide]                        PROVIDE (_Main_Stack_Limit, __Main_Stack_Limit)
                0x0000000000000100                _Minimum_Stack_Size = 0x100
                0x00000000200003ec                PROVIDE (_Heap_Begin, _end_noinit)
                0x0000000020004c00                PROVIDE (_Heap_Limit, (__stack - __Main_Stack_Size))

.isr_vector     0x0000000008000000      0x34c
 FILL mask 0xff
                0x0000000008000000                __vectors_start = ABSOLUTE (.)
                0x0000000008000000                __vectors_start__ = ABSOLUTE (.)
 *(.isr_vector)
 .isr_vector    0x0000000008000000      0x10c ./system/src/cmsis/startup_stm32f103xb.o
                0x0000000008000000                g_pfnVectors
 *(.cfmconfig)
 *(.after_vectors .after_vectors.*)
 .after_vectors
                0x000000000800010c      0x114 ./system/src/newlib/_startup.o
                0x000000000800010c                _start
 .after_vectors
                0x0000000008000220      0x12c ./system/src/cortexm/exception_handlers.o
                0x0000000008000220                Reset_Handler
                0x000000000800023e                HardFault_Handler_C
                0x00000000080002b4                BusFault_Handler_C
                0x00000000080002fc                UsageFault_Handler_C

.inits          0x000000000800034c       0x28
                0x000000000800034c                __data_regions_array_start = .
                0x000000000800034c        0x4 LONG 0x8002a84 LOADADDR (.data)
                0x0000000008000350        0x4 LONG 0x20000000 ADDR (.data)
                0x0000000008000354        0x4 LONG 0x20000080 (ADDR (.data) + SIZEOF (.data))
                0x0000000008000358        0x4 LONG 0x8002a84 LOADADDR (.data_CCMRAM)
                0x000000000800035c        0x4 LONG 0x10000000 ADDR (.data_CCMRAM)
                0x0000000008000360        0x4 LONG 0x10000000 (ADDR (.data_CCMRAM) + SIZEOF (.data_CCMRAM))
                0x0000000008000364                __data_regions_array_end = .
                0x0000000008000364                __bss_regions_array_start = .
                0x0000000008000364        0x4 LONG 0x20000080 ADDR (.bss)
                0x0000000008000368        0x4 LONG 0x200003ec (ADDR (.bss) + SIZEOF (.bss))
                0x000000000800036c        0x4 LONG 0x10000000 ADDR (.bss_CCMRAM)
                0x0000000008000370        0x4 LONG 0x10000000 (ADDR (.bss_CCMRAM) + SIZEOF (.bss_CCMRAM))
                0x0000000008000374                __bss_regions_array_end = .
 *(.init)
 *(.fini)
                0x0000000008000374                . = ALIGN (0x4)
                0x0000000008000374                PROVIDE (__preinit_array_start, .)
 *(.preinit_array_sysinit .preinit_array_sysinit.*)
 *(.preinit_array_platform .preinit_array_platform.*)
 *(.preinit_array .preinit_array.*)
                0x0000000008000374                PROVIDE (__preinit_array_end, .)
                0x0000000008000374                . = ALIGN (0x4)
                0x0000000008000374                PROVIDE (__init_array_start, .)
 *(SORT_BY_NAME(.init_array.*))
 *(.init_array)
                0x0000000008000374                PROVIDE (__init_array_end, .)
                0x0000000008000374                . = ALIGN (0x4)
                0x0000000008000374                PROVIDE (__fini_array_start, .)
 *(SORT_BY_NAME(.fini_array.*))
 *(.fini_array)
                0x0000000008000374                PROVIDE (__fini_array_end, .)

.flashtext
 *(.flashtext .flashtext.*)

.text           0x0000000008000374     0x270f
 *(.text .text.*)
 .text.HAL_InitTick
                0x0000000008000374       0x2c ./system/src/stm32f1xx/stm32f1xx_hal.o
                0x0000000008000374                HAL_InitTick
 .text.HAL_Init
                0x00000000080003a0       0x24 ./system/src/stm32f1xx/stm32f1xx_hal.o
                0x00000000080003a0                HAL_Init
 .text.HAL_IncTick
                0x00000000080003c4       0x10 ./system/src/stm32f1xx/stm32f1xx_hal.o
                0x00000000080003c4                HAL_IncTick
 .text.HAL_GetTick
                0x00000000080003d4        0xc ./system/src/stm32f1xx/stm32f1xx_hal.o
                0x00000000080003d4                HAL_GetTick
 .text.HAL_NVIC_SetPriorityGrouping
                0x00000000080003e0       0x24 ./system/src/stm32f1xx/stm32f1xx_hal_cortex.o
                0x00000000080003e0                HAL_NVIC_SetPriorityGrouping
 .text.HAL_NVIC_SetPriority
                0x0000000008000404       0x68 ./system/src/stm32f1xx/stm32f1xx_hal_cortex.o
                0x0000000008000404                HAL_NVIC_SetPriority
 .text.HAL_NVIC_EnableIRQ
                0x000000000800046c       0x18 ./system/src/stm32f1xx/stm32f1xx_hal_cortex.o
                0x000000000800046c                HAL_NVIC_EnableIRQ
 .text.HAL_SYSTICK_Config
                0x0000000008000484       0x2c ./system/src/stm32f1xx/stm32f1xx_hal_cortex.o
                0x0000000008000484                HAL_SYSTICK_Config
 .text.DMA_SetConfig
                0x00000000080004b0       0x2c ./system/src/stm32f1xx/stm32f1xx_hal_dma.o
 .text.HAL_DMA_Init
                0x00000000080004dc       0x78 ./system/src/stm32f1xx/stm32f1xx_hal_dma.o
                0x00000000080004dc                HAL_DMA_Init
 .text.HAL_DMA_Start
                0x0000000008000554       0x50 ./system/src/stm32f1xx/stm32f1xx_hal_dma.o
                0x0000000008000554                HAL_DMA_Start
 .text.HAL_DMA_Start_IT
                0x00000000080005a4       0x74 ./system/src/stm32f1xx/stm32f1xx_hal_dma.o
                0x00000000080005a4                HAL_DMA_Start_IT
 .text.HAL_DMA_IRQHandler
                0x0000000008000618      0x144 ./system/src/stm32f1xx/stm32f1xx_hal_dma.o
                0x0000000008000618                HAL_DMA_IRQHandler
 .text.HAL_GPIO_Init
                0x000000000800075c      0x1d4 ./system/src/stm32f1xx/stm32f1xx_hal_gpio.o
                0x000000000800075c                HAL_GPIO_Init
 .text.HAL_MspInit
                0x0000000008000930        0x2 ./system/src/stm32f1xx/stm32f1xx_hal_msp_template.o
                0x0000000008000930                HAL_MspInit
 *fill*         0x0000000008000932        0x2 
 .text.RCC_Delay
                0x0000000008000934       0x2c ./system/src/stm32f1xx/stm32f1xx_hal_rcc.o
 .text.HAL_RCC_OscConfig
                0x0000000008000960      0x3dc ./system/src/stm32f1xx/stm32f1xx_hal_rcc.o
                0x0000000008000960                HAL_RCC_OscConfig
 .text.HAL_RCC_GetSysClockFreq
                0x0000000008000d3c       0x70 ./system/src/stm32f1xx/stm32f1xx_hal_rcc.o
                0x0000000008000d3c                HAL_RCC_GetSysClockFreq
 .text.HAL_RCC_ClockConfig
                0x0000000008000dac      0x178 ./system/src/stm32f1xx/stm32f1xx_hal_rcc.o
                0x0000000008000dac                HAL_RCC_ClockConfig
 .text.TIM_OC1_SetConfig
                0x0000000008000f24       0x5c ./system/src/stm32f1xx/stm32f1xx_hal_tim.o
 .text.TIM_OC3_SetConfig
                0x0000000008000f80       0x64 ./system/src/stm32f1xx/stm32f1xx_hal_tim.o
 .text.TIM_OC4_SetConfig
                0x0000000008000fe4       0x48 ./system/src/stm32f1xx/stm32f1xx_hal_tim.o
 .text.HAL_TIM_Base_Start
                0x000000000800102c       0x1a ./system/src/stm32f1xx/stm32f1xx_hal_tim.o
                0x000000000800102c                HAL_TIM_Base_Start
 .text.HAL_TIM_PWM_MspInit
                0x0000000008001046        0x2 ./system/src/stm32f1xx/stm32f1xx_hal_tim.o
                0x0000000008001046                HAL_TIM_PWM_MspInit
 .text.HAL_TIM_OC_DelayElapsedCallback
                0x0000000008001048        0x2 ./system/src/stm32f1xx/stm32f1xx_hal_tim.o
                0x0000000008001048                HAL_TIM_OC_DelayElapsedCallback
 .text.HAL_TIM_IC_CaptureCallback
                0x000000000800104a        0x2 ./system/src/stm32f1xx/stm32f1xx_hal_tim.o
                0x000000000800104a                HAL_TIM_IC_CaptureCallback
 .text.HAL_TIM_PWM_PulseFinishedCallback
                0x000000000800104c        0x2 ./system/src/stm32f1xx/stm32f1xx_hal_tim.o
                0x000000000800104c                HAL_TIM_PWM_PulseFinishedCallback
 .text.HAL_TIM_TriggerCallback
                0x000000000800104e        0x2 ./system/src/stm32f1xx/stm32f1xx_hal_tim.o
                0x000000000800104e                HAL_TIM_TriggerCallback
 .text.HAL_TIM_IRQHandler
                0x0000000008001050      0x17a ./system/src/stm32f1xx/stm32f1xx_hal_tim.o
                0x0000000008001050                HAL_TIM_IRQHandler
 *fill*         0x00000000080011ca        0x2 
 .text.TIM_Base_SetConfig
                0x00000000080011cc       0x74 ./system/src/stm32f1xx/stm32f1xx_hal_tim.o
                0x00000000080011cc                TIM_Base_SetConfig
 .text.HAL_TIM_PWM_Init
                0x0000000008001240       0x32 ./system/src/stm32f1xx/stm32f1xx_hal_tim.o
                0x0000000008001240                HAL_TIM_PWM_Init
 *fill*         0x0000000008001272        0x2 
 .text.TIM_OC2_SetConfig
                0x0000000008001274       0x64 ./system/src/stm32f1xx/stm32f1xx_hal_tim.o
                0x0000000008001274                TIM_OC2_SetConfig
 .text.HAL_TIM_PWM_ConfigChannel
                0x00000000080012d8       0xdc ./system/src/stm32f1xx/stm32f1xx_hal_tim.o
                0x00000000080012d8                HAL_TIM_PWM_ConfigChannel
 .text.TIM_CCxChannelCmd
                0x00000000080013b4       0x1c ./system/src/stm32f1xx/stm32f1xx_hal_tim.o
                0x00000000080013b4                TIM_CCxChannelCmd
 .text.HAL_TIM_PWM_Start
                0x00000000080013d0       0x30 ./system/src/stm32f1xx/stm32f1xx_hal_tim.o
                0x00000000080013d0                HAL_TIM_PWM_Start
 .text.HAL_TIMEx_CommutationCallback
                0x0000000008001400        0x2 ./system/src/stm32f1xx/stm32f1xx_hal_tim_ex.o
                0x0000000008001400                HAL_TIMEx_CommutationCallback
 .text.HAL_TIMEx_BreakCallback
                0x0000000008001402        0x2 ./system/src/stm32f1xx/stm32f1xx_hal_tim_ex.o
                0x0000000008001402                HAL_TIMEx_BreakCallback
 .text._exit    0x0000000008001404        0x2 ./system/src/newlib/_exit.o
                0x0000000008001404                _exit
 *fill*         0x0000000008001406        0x2 
 .text._sbrk    0x0000000008001408       0x44 ./system/src/newlib/_sbrk.o
                0x0000000008001408                _sbrk
 .text.__initialize_args
                0x000000000800144c       0x10 ./system/src/newlib/_syscalls.o
                0x000000000800144c                __initialize_args
 .text.trace_printf
                0x000000000800145c       0x30 ./system/src/diag/Trace.o
                0x000000000800145c                trace_printf
 .text._trace_write_semihosting_debug
                0x000000000800148c       0x60 ./system/src/diag/trace_impl.o
 .text.trace_write
                0x00000000080014ec        0x8 ./system/src/diag/trace_impl.o
                0x00000000080014ec                trace_write
 .text.__initialize_hardware_early
                0x00000000080014f4       0x18 ./system/src/cortexm/_initialize_hardware.o
                0x00000000080014f4                __initialize_hardware_early
 .text.__initialize_hardware
                0x000000000800150c        0x8 ./system/src/cortexm/_initialize_hardware.o
                0x000000000800150c                __initialize_hardware
 .text.dumpExceptionStack
                0x0000000008001514       0xf4 ./system/src/cortexm/exception_handlers.o
                0x0000000008001514                dumpExceptionStack
 .text.isSemihosting
                0x0000000008001608       0x20 ./system/src/cortexm/exception_handlers.o
                0x0000000008001608                isSemihosting
 .text.Default_Handler
                0x0000000008001628        0x2 ./system/src/cmsis/startup_stm32f103xb.o
                0x0000000008001628                RTC_Alarm_IRQHandler
                0x0000000008001628                EXTI2_IRQHandler
                0x0000000008001628                TIM1_CC_IRQHandler
                0x0000000008001628                PVD_IRQHandler
                0x0000000008001628                EXTI3_IRQHandler
                0x0000000008001628                EXTI0_IRQHandler
                0x0000000008001628                I2C2_EV_IRQHandler
                0x0000000008001628                ADC1_2_IRQHandler
                0x0000000008001628                SPI1_IRQHandler
                0x0000000008001628                TAMPER_IRQHandler
                0x0000000008001628                DMA1_Channel4_IRQHandler
                0x0000000008001628                USART3_IRQHandler
                0x0000000008001628                RTC_IRQHandler
                0x0000000008001628                CAN1_RX1_IRQHandler
                0x0000000008001628                TIM4_IRQHandler
                0x0000000008001628                I2C1_EV_IRQHandler
                0x0000000008001628                DMA1_Channel6_IRQHandler
                0x0000000008001628                TIM3_IRQHandler
                0x0000000008001628                RCC_IRQHandler
                0x0000000008001628                TIM1_TRG_COM_IRQHandler
                0x0000000008001628                DMA1_Channel1_IRQHandler
                0x0000000008001628                Default_Handler
                0x0000000008001628                EXTI15_10_IRQHandler
                0x0000000008001628                EXTI9_5_IRQHandler
                0x0000000008001628                SPI2_IRQHandler
                0x0000000008001628                EXTI4_IRQHandler
                0x0000000008001628                USB_LP_CAN1_RX0_IRQHandler
                0x0000000008001628                USB_HP_CAN1_TX_IRQHandler
                0x0000000008001628                DMA1_Channel3_IRQHandler
                0x0000000008001628                TIM1_UP_IRQHandler
                0x0000000008001628                WWDG_IRQHandler
                0x0000000008001628                TIM1_BRK_IRQHandler
                0x0000000008001628                EXTI1_IRQHandler
                0x0000000008001628                USART2_IRQHandler
                0x0000000008001628                I2C2_ER_IRQHandler
                0x0000000008001628                CAN1_SCE_IRQHandler
                0x0000000008001628                FLASH_IRQHandler
                0x0000000008001628                USART1_IRQHandler
                0x0000000008001628                I2C1_ER_IRQHandler
                0x0000000008001628                USBWakeUp_IRQHandler
 *fill*         0x000000000800162a        0x2 
 .text.SystemInit
                0x000000000800162c       0x4c ./system/src/cmsis/system_stm32f1xx.o
                0x000000000800162c                SystemInit
 .text.SystemCoreClockUpdate
                0x0000000008001678       0x94 ./system/src/cmsis/system_stm32f1xx.o
                0x0000000008001678                SystemCoreClockUpdate
 .text.SystemClock_Config
                0x000000000800170c       0x36 ./src/main.o
 .text.main     0x0000000008001742       0x14 ./src/main.o
                0x0000000008001742                main
 .text.NMI_Handler
                0x0000000008001756        0x2 ./src/stm32f1xx_it.o
                0x0000000008001756                NMI_Handler
 .text.HardFault_Handler
                0x0000000008001758        0x2 ./src/stm32f1xx_it.o
                0x0000000008001758                HardFault_Handler
 .text.MemManage_Handler
                0x000000000800175a        0x2 ./src/stm32f1xx_it.o
                0x000000000800175a                MemManage_Handler
 .text.BusFault_Handler
                0x000000000800175c        0x2 ./src/stm32f1xx_it.o
                0x000000000800175c                BusFault_Handler
 .text.UsageFault_Handler
                0x000000000800175e        0x2 ./src/stm32f1xx_it.o
                0x000000000800175e                UsageFault_Handler
 .text.SVC_Handler
                0x0000000008001760        0x2 ./src/stm32f1xx_it.o
                0x0000000008001760                SVC_Handler
 .text.DebugMon_Handler
                0x0000000008001762        0x2 ./src/stm32f1xx_it.o
                0x0000000008001762                DebugMon_Handler
 .text.PendSV_Handler
                0x0000000008001764        0x2 ./src/stm32f1xx_it.o
                0x0000000008001764                PendSV_Handler
 .text.SysTick_Handler
                0x0000000008001766        0x8 ./src/stm32f1xx_it.o
                0x0000000008001766                SysTick_Handler
 .text.Wheel    0x000000000800176e       0x46 ./src/visEffect.o
                0x000000000800176e                Wheel
 .text.visRainbow
                0x00000000080017b4       0x54 ./src/visEffect.o
                0x00000000080017b4                visRainbow
 .text.visDots  0x0000000008001808       0x88 ./src/visEffect.o
                0x0000000008001808                visDots
 .text.visHandle2
                0x0000000008001890       0x40 ./src/visEffect.o
                0x0000000008001890                visHandle2
 .text.visInit  0x00000000080018d0       0x30 ./src/visEffect.o
                0x00000000080018d0                visInit
 .text.visHandle
                0x0000000008001900       0x24 ./src/visEffect.o
                0x0000000008001900                visHandle
 .text.ws2812b_set_pixel
                0x0000000008001924       0xc0 ./src/ws2812b.o
 .text.loadNextFramebufferData
                0x00000000080019e4       0x34 ./src/ws2812b.o
 .text.DMA_TransferCompleteHandler
                0x0000000008001a18       0xb8 ./src/ws2812b.o
                0x0000000008001a18                DMA_TransferCompleteHandler
 .text.WS2812_sendbuf
                0x0000000008001ad0       0xc4 ./src/ws2812b.o
 .text.DMA_TransferHalfHandler
                0x0000000008001b94       0x50 ./src/ws2812b.o
                0x0000000008001b94                DMA_TransferHalfHandler
 .text.ws2812b_gpio_init
                0x0000000008001be4       0x64 ./src/ws2812b.o
 .text.DMA_init
                0x0000000008001c48      0x110 ./src/ws2812b.o
 .text.TIM2_init
                0x0000000008001d58       0xd8 ./src/ws2812b.o
 .text.DMA1_Channel2_IRQHandler
                0x0000000008001e30       0x10 ./src/ws2812b.o
                0x0000000008001e30                DMA1_Channel2_IRQHandler
 .text.DMA1_Channel5_IRQHandler
                0x0000000008001e40       0x10 ./src/ws2812b.o
                0x0000000008001e40                DMA1_Channel5_IRQHandler
 .text.DMA1_Channel7_IRQHandler
                0x0000000008001e50       0x10 ./src/ws2812b.o
                0x0000000008001e50                DMA1_Channel7_IRQHandler
 .text.TIM2_IRQHandler
                0x0000000008001e60       0x10 ./src/ws2812b.o
                0x0000000008001e60                TIM2_IRQHandler
 .text.HAL_TIM_PeriodElapsedCallback
                0x0000000008001e70       0x5c ./src/ws2812b.o
                0x0000000008001e70                HAL_TIM_PeriodElapsedCallback
 .text.ws2812b_init
                0x0000000008001ecc       0x1c ./src/ws2812b.o
                0x0000000008001ecc                ws2812b_init
 .text.ws2812b_handle
                0x0000000008001ee8       0x20 ./src/ws2812b.o
                0x0000000008001ee8                ws2812b_handle
 .text.__errno  0x0000000008001f08        0xc /usr/bin/../lib/gcc/arm-none-eabi/7.2.1/../../../../arm-none-eabi/lib/thumb/v7-m/libg_nano.a(lib_a-errno.o)
                0x0000000008001f08                __errno
 .text.memcpy   0x0000000008001f14       0x16 /usr/bin/../lib/gcc/arm-none-eabi/7.2.1/../../../../arm-none-eabi/lib/thumb/v7-m/libg_nano.a(lib_a-memcpy-stub.o)
                0x0000000008001f14                memcpy
 *fill*         0x0000000008001f2a        0x2 
 .text.rand     0x0000000008001f2c       0x68 /usr/bin/../lib/gcc/arm-none-eabi/7.2.1/../../../../arm-none-eabi/lib/thumb/v7-m/libg_nano.a(lib_a-rand.o)
                0x0000000008001f2c                rand
 .text._vsnprintf_r
                0x0000000008001f94       0x58 /usr/bin/../lib/gcc/arm-none-eabi/7.2.1/../../../../arm-none-eabi/lib/thumb/v7-m/libg_nano.a(lib_a-vsnprintf.o)
                0x0000000008001f94                _vsnprintf_r
                0x0000000008001f94                _vsniprintf_r
 .text.vsnprintf
                0x0000000008001fec       0x1c /usr/bin/../lib/gcc/arm-none-eabi/7.2.1/../../../../arm-none-eabi/lib/thumb/v7-m/libg_nano.a(lib_a-vsnprintf.o)
                0x0000000008001fec                vsnprintf
                0x0000000008001fec                vsniprintf
 .text.malloc   0x0000000008002008       0x10 /usr/bin/../lib/gcc/arm-none-eabi/7.2.1/../../../../arm-none-eabi/lib/thumb/v7-m/libg_nano.a(lib_a-malloc.o)
                0x0000000008002008                malloc
 .text._free_r  0x0000000008002018       0x98 /usr/bin/../lib/gcc/arm-none-eabi/7.2.1/../../../../arm-none-eabi/lib/thumb/v7-m/libg_nano.a(lib_a-nano-freer.o)
                0x0000000008002018                _free_r
 .text._malloc_r
                0x00000000080020b0       0xb4 /usr/bin/../lib/gcc/arm-none-eabi/7.2.1/../../../../arm-none-eabi/lib/thumb/v7-m/libg_nano.a(lib_a-nano-mallocr.o)
                0x00000000080020b0                _malloc_r
 .text.__ssputs_r
                0x0000000008002164       0xb4 /usr/bin/../lib/gcc/arm-none-eabi/7.2.1/../../../../arm-none-eabi/lib/thumb/v7-m/libg_nano.a(lib_a-nano-svfprintf.o)
                0x0000000008002164                __ssputs_r
 .text._svfprintf_r
                0x0000000008002218      0x1ec /usr/bin/../lib/gcc/arm-none-eabi/7.2.1/../../../../arm-none-eabi/lib/thumb/v7-m/libg_nano.a(lib_a-nano-svfprintf.o)
                0x0000000008002218                _svfprintf_r
                0x0000000008002218                _svfiprintf_r
 .text._printf_common
                0x0000000008002404       0xec /usr/bin/../lib/gcc/arm-none-eabi/7.2.1/../../../../arm-none-eabi/lib/thumb/v7-m/libg_nano.a(lib_a-nano-vfprintf_i.o)
                0x0000000008002404                _printf_common
 .text._printf_i
                0x00000000080024f0      0x224 /usr/bin/../lib/gcc/arm-none-eabi/7.2.1/../../../../arm-none-eabi/lib/thumb/v7-m/libg_nano.a(lib_a-nano-vfprintf_i.o)
                0x00000000080024f0                _printf_i
 .text._sbrk_r  0x0000000008002714       0x20 /usr/bin/../lib/gcc/arm-none-eabi/7.2.1/../../../../arm-none-eabi/lib/thumb/v7-m/libg_nano.a(lib_a-sbrkr.o)
                0x0000000008002714                _sbrk_r
 .text.memchr   0x0000000008002734       0x1c /usr/bin/../lib/gcc/arm-none-eabi/7.2.1/../../../../arm-none-eabi/lib/thumb/v7-m/libg_nano.a(lib_a-memchr-stub.o)
                0x0000000008002734                memchr
 .text.memmove  0x0000000008002750       0x32 /usr/bin/../lib/gcc/arm-none-eabi/7.2.1/../../../../arm-none-eabi/lib/thumb/v7-m/libg_nano.a(lib_a-memmove.o)
                0x0000000008002750                memmove
 .text.__malloc_lock
                0x0000000008002782        0x2 /usr/bin/../lib/gcc/arm-none-eabi/7.2.1/../../../../arm-none-eabi/lib/thumb/v7-m/libg_nano.a(lib_a-mlock.o)
                0x0000000008002782                __malloc_lock
 .text.__malloc_unlock
                0x0000000008002784        0x2 /usr/bin/../lib/gcc/arm-none-eabi/7.2.1/../../../../arm-none-eabi/lib/thumb/v7-m/libg_nano.a(lib_a-mlock.o)
                0x0000000008002784                __malloc_unlock
 .text._realloc_r
                0x0000000008002786       0x4c /usr/bin/../lib/gcc/arm-none-eabi/7.2.1/../../../../arm-none-eabi/lib/thumb/v7-m/libg_nano.a(lib_a-nano-reallocr.o)
                0x0000000008002786                _realloc_r
 .text._malloc_usable_size_r
                0x00000000080027d2       0x10 /usr/bin/../lib/gcc/arm-none-eabi/7.2.1/../../../../arm-none-eabi/lib/thumb/v7-m/libg_nano.a(lib_a-nano-msizer.o)
                0x00000000080027d2                _malloc_usable_size_r
 *(.rodata .rodata.* .constdata .constdata.*)
 *fill*         0x00000000080027e2        0x2 
 .rodata        0x00000000080027e4       0x12 ./system/src/stm32f1xx/stm32f1xx_hal_rcc.o
 *fill*         0x00000000080027f6        0x2 
 .rodata.dumpExceptionStack.str1.4
                0x00000000080027f8      0x11a ./system/src/cortexm/exception_handlers.o
 *fill*         0x0000000008002912        0x2 
 .rodata.str1.4
                0x0000000008002914       0x2c ./system/src/cortexm/exception_handlers.o
                                         0x2a (size before relaxing)
 .rodata.AHBPrescTable
                0x0000000008002940       0x10 ./system/src/cmsis/system_stm32f1xx.o
                0x0000000008002940                AHBPrescTable
 .rodata.gammaTable
                0x0000000008002950      0x100 ./src/ws2812b.o
                0x0000000008002950                gammaTable
 .rodata._svfprintf_r.str1.1
                0x0000000008002a50       0x11 /usr/bin/../lib/gcc/arm-none-eabi/7.2.1/../../../../arm-none-eabi/lib/thumb/v7-m/libg_nano.a(lib_a-nano-svfprintf.o)
 .rodata._printf_i.str1.1
                0x0000000008002a61       0x22 /usr/bin/../lib/gcc/arm-none-eabi/7.2.1/../../../../arm-none-eabi/lib/thumb/v7-m/libg_nano.a(lib_a-nano-vfprintf_i.o)
 *(vtable)
 *(.eh_frame*)
 *(.glue_7)
 .glue_7        0x0000000008002a83        0x0 linker stubs
 *(.glue_7t)
 .glue_7t       0x0000000008002a83        0x0 linker stubs

.vfp11_veneer   0x0000000008002a84        0x0
 .vfp11_veneer  0x0000000008002a84        0x0 linker stubs

.v4_bx          0x0000000008002a84        0x0
 .v4_bx         0x0000000008002a84        0x0 linker stubs

.iplt           0x0000000008002a84        0x0
 .iplt          0x0000000008002a84        0x0 ./system/src/stm32f1xx/stm32f1xx_hal.o

.rel.dyn        0x0000000008002a84        0x0
 .rel.iplt      0x0000000008002a84        0x0 ./system/src/stm32f1xx/stm32f1xx_hal.o

.ARM.extab
 *(.ARM.extab* .gnu.linkonce.armextab.*)
                0x0000000008002a84                . = ALIGN (0x4)
                0x0000000008002a84                __exidx_start = .

.ARM.exidx
 *(.ARM.exidx* .gnu.linkonce.armexidx.*)
                0x0000000008002a84                __exidx_end = .
                0x0000000008002a84                . = ALIGN (0x4)
                0x0000000008002a84                _etext = .
                0x0000000008002a84                __etext = .

.data_CCMRAM    0x0000000010000000        0x0 load address 0x0000000008002a84
 FILL mask 0xff
 *(.data.CCMRAM .data.CCMRAM.*)
                0x0000000010000000                . = ALIGN (0x4)
                0x0000000008002a84                _sidata = LOADADDR (.data)

.data           0x0000000020000000       0x80 load address 0x0000000008002a84
 FILL mask 0xff
                0x0000000020000000                _sdata = .
                0x0000000020000000                __data_start__ = .
 *(.data_begin .data_begin.*)
 .data_begin    0x0000000020000000        0x4 ./system/src/newlib/_startup.o
 *(.data .data.*)
 .data.argv.4310
                0x0000000020000004        0x8 ./system/src/newlib/_syscalls.o
 .data.SystemCoreClock
                0x000000002000000c        0x4 ./system/src/cmsis/system_stm32f1xx.o
                0x000000002000000c                SystemCoreClock
 .data.WS2812_IO_High
                0x0000000020000010        0x4 ./src/ws2812b.o
                0x0000000020000010                WS2812_IO_High
 .data.WS2812_IO_Low
                0x0000000020000014        0x4 ./src/ws2812b.o
                0x0000000020000014                WS2812_IO_Low
 .data._impure_ptr
                0x0000000020000018        0x4 /usr/bin/../lib/gcc/arm-none-eabi/7.2.1/../../../../arm-none-eabi/lib/thumb/v7-m/libg_nano.a(lib_a-impure.o)
                0x0000000020000018                _impure_ptr
 .data.impure_data
                0x000000002000001c       0x60 /usr/bin/../lib/gcc/arm-none-eabi/7.2.1/../../../../arm-none-eabi/lib/thumb/v7-m/libg_nano.a(lib_a-impure.o)
 *(.data_end .data_end.*)
 .data_end      0x000000002000007c        0x4 ./system/src/newlib/_startup.o
                0x0000000020000080                . = ALIGN (0x4)
                0x0000000020000080                _edata = .
                0x0000000020000080                __data_end__ = .

.igot.plt       0x0000000020000080        0x0 load address 0x0000000008002b04
 .igot.plt      0x0000000020000080        0x0 ./system/src/stm32f1xx/stm32f1xx_hal.o

.bss_CCMRAM     0x0000000010000000        0x0
 *(.bss.CCMRAM .bss.CCMRAM.*)

.bss            0x0000000020000080      0x36c
                0x0000000020000080                __bss_start__ = .
                0x0000000020000080                _sbss = .
 *(.bss_begin .bss_begin.*)
 .bss_begin     0x0000000020000080        0x4 ./system/src/newlib/_startup.o
 *(.bss .bss.*)
 .bss.current_heap_end.3961
                0x0000000020000084        0x4 ./system/src/newlib/_sbrk.o
 .bss.name.4309
                0x0000000020000088        0x1 ./system/src/newlib/_syscalls.o
 *fill*         0x0000000020000089        0x3 
 .bss.buf.5205  0x000000002000008c       0x80 ./system/src/diag/Trace.o
 .bss.timestamp.6766
                0x000000002000010c        0x4 ./src/visEffect.o
 .bss.x.6749    0x0000000020000110        0x1 ./src/visEffect.o
 *fill*         0x0000000020000111        0x3 
 .bss.__malloc_free_list
                0x0000000020000114        0x4 /usr/bin/../lib/gcc/arm-none-eabi/7.2.1/../../../../arm-none-eabi/lib/thumb/v7-m/libg_nano.a(lib_a-nano-mallocr.o)
                0x0000000020000114                __malloc_free_list
 .bss.__malloc_sbrk_start
                0x0000000020000118        0x4 /usr/bin/../lib/gcc/arm-none-eabi/7.2.1/../../../../arm-none-eabi/lib/thumb/v7-m/libg_nano.a(lib_a-nano-mallocr.o)
                0x0000000020000118                __malloc_sbrk_start
 *(COMMON)
 COMMON         0x000000002000011c        0x4 ./system/src/stm32f1xx/stm32f1xx_hal.o
                0x000000002000011c                uwTick
 COMMON         0x0000000020000120        0x4 ./system/src/newlib/_syscalls.o
                0x0000000020000120                errno
 COMMON         0x0000000020000124      0x11c ./src/visEffect.o
                0x0000000020000124                frameBuffer2
                0x0000000020000160                ws2812b
                0x000000002000018c                frameBuffer
 COMMON         0x0000000020000240      0x1a8 ./src/ws2812b.o
                0x0000000020000240                tim2OC2
                0x000000002000025c                dmaCC2
                0x00000000200002a0                tim2OC1
                0x00000000200002bc                tim_period
                0x00000000200002c0                dmaCC1
                0x0000000020000304                Tim2Handle
                0x0000000020000344                ws2812bDmaBitBuffer
                0x00000000200003a4                dmaUpdate
 *(.bss_end .bss_end.*)
 .bss_end       0x00000000200003e8        0x4 ./system/src/newlib/_startup.o
                0x00000000200003ec                . = ALIGN (0x4)
                0x00000000200003ec                __bss_end__ = .
                0x00000000200003ec                _ebss = .

.noinit_CCMRAM
 *(.noinit.CCMRAM .noinit.CCMRAM.*)

.noinit         0x00000000200003ec        0x0
                0x00000000200003ec                _noinit = .
 *(.noinit .noinit.*)
                0x00000000200003ec                . = ALIGN (0x4)
                0x00000000200003ec                _end_noinit = .
                [!provide]                        PROVIDE (end, _end_noinit)
                [!provide]                        PROVIDE (_end, _end_noinit)
                [!provide]                        PROVIDE (__end, _end_noinit)
                [!provide]                        PROVIDE (__end__, _end_noinit)

._check_stack   0x00000000200003ec      0x100
                0x00000000200004ec                . = (. + _Minimum_Stack_Size)
 *fill*         0x00000000200003ec      0x100 

.b1text
 *(.b1text)
 *(.b1rodata)
 *(.b1rodata.*)

.eb0text
 *(.eb0text)
 *(.eb0rodata)
 *(.eb0rodata.*)

.eb1text
 *(.eb1text)
 *(.eb1rodata)
 *(.eb1rodata.*)

.eb2text
 *(.eb2text)
 *(.eb2rodata)
 *(.eb2rodata.*)

.eb3text
 *(.eb3text)
 *(.eb3rodata)
 *(.eb3rodata.*)

.stab
 *(.stab)

.stabstr
 *(.stabstr)

.stab.excl
 *(.stab.excl)

.stab.exclstr
 *(.stab.exclstr)

.stab.index
 *(.stab.index)

.stab.indexstr
 *(.stab.indexstr)

.comment        0x0000000000000000       0x7e
 *(.comment)
 .comment       0x0000000000000000       0x7e ./system/src/stm32f1xx/stm32f1xx_hal.o
                                         0x7f (size before relaxing)
 .comment       0x000000000000007e       0x7f ./system/src/stm32f1xx/stm32f1xx_hal_cortex.o
 .comment       0x000000000000007e       0x7f ./system/src/stm32f1xx/stm32f1xx_hal_dma.o
 .comment       0x000000000000007e       0x7f ./system/src/stm32f1xx/stm32f1xx_hal_gpio.o
 .comment       0x000000000000007e       0x7f ./system/src/stm32f1xx/stm32f1xx_hal_msp_template.o
 .comment       0x000000000000007e       0x7f ./system/src/stm32f1xx/stm32f1xx_hal_rcc.o
 .comment       0x000000000000007e       0x7f ./system/src/stm32f1xx/stm32f1xx_hal_tim.o
 .comment       0x000000000000007e       0x7f ./system/src/stm32f1xx/stm32f1xx_hal_tim_ex.o
 .comment       0x000000000000007e       0x7f ./system/src/newlib/_exit.o
 .comment       0x000000000000007e       0x7f ./system/src/newlib/_sbrk.o
 .comment       0x000000000000007e       0x7f ./system/src/newlib/_startup.o
 .comment       0x000000000000007e       0x7f ./system/src/newlib/_syscalls.o
 .comment       0x000000000000007e       0x7f ./system/src/diag/Trace.o
 .comment       0x000000000000007e       0x7f ./system/src/diag/trace_impl.o
 .comment       0x000000000000007e       0x7f ./system/src/cortexm/_initialize_hardware.o
 .comment       0x000000000000007e       0x7f ./system/src/cortexm/exception_handlers.o
 .comment       0x000000000000007e       0x7f ./system/src/cmsis/system_stm32f1xx.o
 .comment       0x000000000000007e       0x7f ./src/main.o
 .comment       0x000000000000007e       0x7f ./src/stm32f1xx_it.o
 .comment       0x000000000000007e       0x7f ./src/visEffect.o
 .comment       0x000000000000007e       0x7f ./src/ws2812b.o

.ARM.attributes
                0x0000000000000000       0x31
 .ARM.attributes
                0x0000000000000000       0x33 ./system/src/stm32f1xx/stm32f1xx_hal.o
 .ARM.attributes
                0x0000000000000033       0x33 ./system/src/stm32f1xx/stm32f1xx_hal_cortex.o
 .ARM.attributes
                0x0000000000000066       0x33 ./system/src/stm32f1xx/stm32f1xx_hal_dma.o
 .ARM.attributes
                0x0000000000000099       0x33 ./system/src/stm32f1xx/stm32f1xx_hal_gpio.o
 .ARM.attributes
                0x00000000000000cc       0x33 ./system/src/stm32f1xx/stm32f1xx_hal_msp_template.o
 .ARM.attributes
                0x00000000000000ff       0x33 ./system/src/stm32f1xx/stm32f1xx_hal_rcc.o
 .ARM.attributes
                0x0000000000000132       0x33 ./system/src/stm32f1xx/stm32f1xx_hal_tim.o
 .ARM.attributes
                0x0000000000000165       0x33 ./system/src/stm32f1xx/stm32f1xx_hal_tim_ex.o
 .ARM.attributes
                0x0000000000000198       0x33 ./system/src/newlib/_exit.o
 .ARM.attributes
                0x00000000000001cb       0x33 ./system/src/newlib/_sbrk.o
 .ARM.attributes
                0x00000000000001fe       0x33 ./system/src/newlib/_startup.o
 .ARM.attributes
                0x0000000000000231       0x33 ./system/src/newlib/_syscalls.o
 .ARM.attributes
                0x0000000000000264       0x33 ./system/src/diag/Trace.o
 .ARM.attributes
                0x0000000000000297       0x33 ./system/src/diag/trace_impl.o
 .ARM.attributes
                0x00000000000002ca       0x33 ./system/src/cortexm/_initialize_hardware.o
 .ARM.attributes
                0x00000000000002fd       0x33 ./system/src/cortexm/exception_handlers.o
 .ARM.attributes
                0x0000000000000330       0x21 ./system/src/cmsis/startup_stm32f103xb.o
 .ARM.attributes
                0x0000000000000351       0x33 ./system/src/cmsis/system_stm32f1xx.o
 .ARM.attributes
                0x0000000000000384       0x33 ./src/main.o
 .ARM.attributes
                0x00000000000003b7       0x33 ./src/stm32f1xx_it.o
 .ARM.attributes
                0x00000000000003ea       0x33 ./src/visEffect.o
 .ARM.attributes
                0x000000000000041d       0x33 ./src/ws2812b.o
 .ARM.attributes
                0x0000000000000450       0x2d /usr/bin/../lib/gcc/arm-none-eabi/7.2.1/../../../../arm-none-eabi/lib/thumb/v7-m/libg_nano.a(lib_a-errno.o)
 .ARM.attributes
                0x000000000000047d       0x2d /usr/bin/../lib/gcc/arm-none-eabi/7.2.1/../../../../arm-none-eabi/lib/thumb/v7-m/libg_nano.a(lib_a-impure.o)
 .ARM.attributes
                0x00000000000004aa       0x2d /usr/bin/../lib/gcc/arm-none-eabi/7.2.1/../../../../arm-none-eabi/lib/thumb/v7-m/libg_nano.a(lib_a-memcpy-stub.o)
 .ARM.attributes
                0x00000000000004d7       0x2d /usr/bin/../lib/gcc/arm-none-eabi/7.2.1/../../../../arm-none-eabi/lib/thumb/v7-m/libg_nano.a(lib_a-rand.o)
 .ARM.attributes
                0x0000000000000504       0x2d /usr/bin/../lib/gcc/arm-none-eabi/7.2.1/../../../../arm-none-eabi/lib/thumb/v7-m/libg_nano.a(lib_a-vsnprintf.o)
 .ARM.attributes
                0x0000000000000531       0x2d /usr/bin/../lib/gcc/arm-none-eabi/7.2.1/../../../../arm-none-eabi/lib/thumb/v7-m/libg_nano.a(lib_a-malloc.o)
 .ARM.attributes
                0x000000000000055e       0x2d /usr/bin/../lib/gcc/arm-none-eabi/7.2.1/../../../../arm-none-eabi/lib/thumb/v7-m/libg_nano.a(lib_a-nano-freer.o)
 .ARM.attributes
                0x000000000000058b       0x2d /usr/bin/../lib/gcc/arm-none-eabi/7.2.1/../../../../arm-none-eabi/lib/thumb/v7-m/libg_nano.a(lib_a-nano-mallocr.o)
 .ARM.attributes
                0x00000000000005b8       0x2d /usr/bin/../lib/gcc/arm-none-eabi/7.2.1/../../../../arm-none-eabi/lib/thumb/v7-m/libg_nano.a(lib_a-nano-svfprintf.o)
 .ARM.attributes
                0x00000000000005e5       0x2d /usr/bin/../lib/gcc/arm-none-eabi/7.2.1/../../../../arm-none-eabi/lib/thumb/v7-m/libg_nano.a(lib_a-nano-vfprintf_i.o)
 .ARM.attributes
                0x0000000000000612       0x2d /usr/bin/../lib/gcc/arm-none-eabi/7.2.1/../../../../arm-none-eabi/lib/thumb/v7-m/libg_nano.a(lib_a-sbrkr.o)
 .ARM.attributes
                0x000000000000063f       0x2d /usr/bin/../lib/gcc/arm-none-eabi/7.2.1/../../../../arm-none-eabi/lib/thumb/v7-m/libg_nano.a(lib_a-memchr-stub.o)
 .ARM.attributes
                0x000000000000066c       0x2d /usr/bin/../lib/gcc/arm-none-eabi/7.2.1/../../../../arm-none-eabi/lib/thumb/v7-m/libg_nano.a(lib_a-memmove.o)
 .ARM.attributes
                0x0000000000000699       0x2d /usr/bin/../lib/gcc/arm-none-eabi/7.2.1/../../../../arm-none-eabi/lib/thumb/v7-m/libg_nano.a(lib_a-mlock.o)
 .ARM.attributes
                0x00000000000006c6       0x2d /usr/bin/../lib/gcc/arm-none-eabi/7.2.1/../../../../arm-none-eabi/lib/thumb/v7-m/libg_nano.a(lib_a-nano-reallocr.o)
 .ARM.attributes
                0x00000000000006f3       0x2d /usr/bin/../lib/gcc/arm-none-eabi/7.2.1/../../../../arm-none-eabi/lib/thumb/v7-m/libg_nano.a(lib_a-nano-msizer.o)

.debug
 *(.debug)

.line
 *(.line)

.debug_srcinfo
 *(.debug_srcinfo)

.debug_sfnames
 *(.debug_sfnames)

.debug_aranges  0x0000000000000000      0xb10
 *(.debug_aranges)
 .debug_aranges
                0x0000000000000000       0xb8 ./system/src/stm32f1xx/stm32f1xx_hal.o
 .debug_aranges
                0x00000000000000b8       0x90 ./system/src/stm32f1xx/stm32f1xx_hal_cortex.o
 .debug_aranges
                0x0000000000000148       0x80 ./system/src/stm32f1xx/stm32f1xx_hal_dma.o
 .debug_aranges
                0x00000000000001c8       0x58 ./system/src/stm32f1xx/stm32f1xx_hal_gpio.o
 .debug_aranges
                0x0000000000000220       0x38 ./system/src/stm32f1xx/stm32f1xx_hal_msp_template.o
 .debug_aranges
                0x0000000000000258       0x90 ./system/src/stm32f1xx/stm32f1xx_hal_rcc.o
 .debug_aranges
                0x00000000000002e8      0x368 ./system/src/stm32f1xx/stm32f1xx_hal_tim.o
 .debug_aranges
                0x0000000000000650      0x138 ./system/src/stm32f1xx/stm32f1xx_hal_tim_ex.o
 .debug_aranges
                0x0000000000000788       0x28 ./system/src/newlib/_exit.o
 .debug_aranges
                0x00000000000007b0       0x20 ./system/src/newlib/_sbrk.o
 .debug_aranges
                0x00000000000007d0       0x40 ./system/src/newlib/_startup.o
 .debug_aranges
                0x0000000000000810       0x30 ./system/src/newlib/_syscalls.o
 .debug_aranges
                0x0000000000000840       0x38 ./system/src/diag/Trace.o
 .debug_aranges
                0x0000000000000878       0x30 ./system/src/diag/trace_impl.o
 .debug_aranges
                0x00000000000008a8       0x28 ./system/src/cortexm/_initialize_hardware.o
 .debug_aranges
                0x00000000000008d0       0x90 ./system/src/cortexm/exception_handlers.o
 .debug_aranges
                0x0000000000000960       0x28 ./system/src/cmsis/startup_stm32f103xb.o
 .debug_aranges
                0x0000000000000988       0x28 ./system/src/cmsis/system_stm32f1xx.o
 .debug_aranges
                0x00000000000009b0       0x28 ./src/main.o
 .debug_aranges
                0x00000000000009d8       0x60 ./src/stm32f1xx_it.o
 .debug_aranges
                0x0000000000000a38       0x48 ./src/visEffect.o
 .debug_aranges
                0x0000000000000a80       0x90 ./src/ws2812b.o

.debug_pubnames
 *(.debug_pubnames)

.debug_info     0x0000000000000000    0x12f4f
 *(.debug_info .gnu.linkonce.wi.*)
 .debug_info    0x0000000000000000      0xec0 ./system/src/stm32f1xx/stm32f1xx_hal.o
 .debug_info    0x0000000000000ec0     0x1454 ./system/src/stm32f1xx/stm32f1xx_hal_cortex.o
 .debug_info    0x0000000000002314      0xff3 ./system/src/stm32f1xx/stm32f1xx_hal_dma.o
 .debug_info    0x0000000000003307      0xe5b ./system/src/stm32f1xx/stm32f1xx_hal_gpio.o
 .debug_info    0x0000000000004162      0x95f ./system/src/stm32f1xx/stm32f1xx_hal_msp_template.o
 .debug_info    0x0000000000004ac1     0x1151 ./system/src/stm32f1xx/stm32f1xx_hal_rcc.o
 .debug_info    0x0000000000005c12     0x3635 ./system/src/stm32f1xx/stm32f1xx_hal_tim.o
 .debug_info    0x0000000000009247     0x1aa4 ./system/src/stm32f1xx/stm32f1xx_hal_tim_ex.o
 .debug_info    0x000000000000aceb      0x956 ./system/src/newlib/_exit.o
 .debug_info    0x000000000000b641      0x942 ./system/src/newlib/_sbrk.o
 .debug_info    0x000000000000bf83      0x42e ./system/src/newlib/_startup.o
 .debug_info    0x000000000000c3b1      0xa19 ./system/src/newlib/_syscalls.o
 .debug_info    0x000000000000cdca      0xb2a ./system/src/diag/Trace.o
 .debug_info    0x000000000000d8f4      0x3b3 ./system/src/diag/trace_impl.o
 .debug_info    0x000000000000dca7      0x2fa ./system/src/cortexm/_initialize_hardware.o
 .debug_info    0x000000000000dfa1     0x1185 ./system/src/cortexm/exception_handlers.o
 .debug_info    0x000000000000f126       0x22 ./system/src/cmsis/startup_stm32f103xb.o
 .debug_info    0x000000000000f148      0x3cb ./system/src/cmsis/system_stm32f1xx.o
 .debug_info    0x000000000000f513      0xb1b ./src/main.o
 .debug_info    0x000000000001002e      0x9ce ./src/stm32f1xx_it.o
 .debug_info    0x00000000000109fc      0xc46 ./src/visEffect.o
 .debug_info    0x0000000000011642     0x190d ./src/ws2812b.o

.debug_abbrev   0x0000000000000000     0x32cc
 *(.debug_abbrev)
 .debug_abbrev  0x0000000000000000      0x2e7 ./system/src/stm32f1xx/stm32f1xx_hal.o
 .debug_abbrev  0x00000000000002e7      0x3cd ./system/src/stm32f1xx/stm32f1xx_hal_cortex.o
 .debug_abbrev  0x00000000000006b4      0x2e5 ./system/src/stm32f1xx/stm32f1xx_hal_dma.o
 .debug_abbrev  0x0000000000000999      0x2a7 ./system/src/stm32f1xx/stm32f1xx_hal_gpio.o
 .debug_abbrev  0x0000000000000c40      0x1b1 ./system/src/stm32f1xx/stm32f1xx_hal_msp_template.o
 .debug_abbrev  0x0000000000000df1      0x322 ./system/src/stm32f1xx/stm32f1xx_hal_rcc.o
 .debug_abbrev  0x0000000000001113      0x2ef ./system/src/stm32f1xx/stm32f1xx_hal_tim.o
 .debug_abbrev  0x0000000000001402      0x2e0 ./system/src/stm32f1xx/stm32f1xx_hal_tim_ex.o
 .debug_abbrev  0x00000000000016e2      0x1f3 ./system/src/newlib/_exit.o
 .debug_abbrev  0x00000000000018d5      0x1fc ./system/src/newlib/_sbrk.o
 .debug_abbrev  0x0000000000001ad1      0x1b3 ./system/src/newlib/_startup.o
 .debug_abbrev  0x0000000000001c84      0x234 ./system/src/newlib/_syscalls.o
 .debug_abbrev  0x0000000000001eb8      0x276 ./system/src/diag/Trace.o
 .debug_abbrev  0x000000000000212e      0x1e2 ./system/src/diag/trace_impl.o
 .debug_abbrev  0x0000000000002310       0xea ./system/src/cortexm/_initialize_hardware.o
 .debug_abbrev  0x00000000000023fa      0x32b ./system/src/cortexm/exception_handlers.o
 .debug_abbrev  0x0000000000002725       0x12 ./system/src/cmsis/startup_stm32f103xb.o
 .debug_abbrev  0x0000000000002737      0x134 ./system/src/cmsis/system_stm32f1xx.o
 .debug_abbrev  0x000000000000286b      0x256 ./src/main.o
 .debug_abbrev  0x0000000000002ac1      0x1e7 ./src/stm32f1xx_it.o
 .debug_abbrev  0x0000000000002ca8      0x29d ./src/visEffect.o
 .debug_abbrev  0x0000000000002f45      0x387 ./src/ws2812b.o

.debug_line     0x0000000000000000     0x7260
 *(.debug_line)
 .debug_line    0x0000000000000000      0x5d9 ./system/src/stm32f1xx/stm32f1xx_hal.o
 .debug_line    0x00000000000005d9      0x632 ./system/src/stm32f1xx/stm32f1xx_hal_cortex.o
 .debug_line    0x0000000000000c0b      0x7e5 ./system/src/stm32f1xx/stm32f1xx_hal_dma.o
 .debug_line    0x00000000000013f0      0x617 ./system/src/stm32f1xx/stm32f1xx_hal_gpio.o
 .debug_line    0x0000000000001a07      0x4b1 ./system/src/stm32f1xx/stm32f1xx_hal_msp_template.o
 .debug_line    0x0000000000001eb8      0x716 ./system/src/stm32f1xx/stm32f1xx_hal_rcc.o
 .debug_line    0x00000000000025ce     0x142f ./system/src/stm32f1xx/stm32f1xx_hal_tim.o
 .debug_line    0x00000000000039fd      0x9fb ./system/src/stm32f1xx/stm32f1xx_hal_tim_ex.o
 .debug_line    0x00000000000043f8      0x28b ./system/src/newlib/_exit.o
 .debug_line    0x0000000000004683      0x23f ./system/src/newlib/_sbrk.o
 .debug_line    0x00000000000048c2      0x2f9 ./system/src/newlib/_startup.o
 .debug_line    0x0000000000004bbb      0x324 ./system/src/newlib/_syscalls.o
 .debug_line    0x0000000000004edf      0x307 ./system/src/diag/Trace.o
 .debug_line    0x00000000000051e6      0x389 ./system/src/diag/trace_impl.o
 .debug_line    0x000000000000556f      0x158 ./system/src/cortexm/_initialize_hardware.o
 .debug_line    0x00000000000056c7      0x44b ./system/src/cortexm/exception_handlers.o
 .debug_line    0x0000000000005b12       0x86 ./system/src/cmsis/startup_stm32f103xb.o
 .debug_line    0x0000000000005b98      0x16b ./system/src/cmsis/system_stm32f1xx.o
 .debug_line    0x0000000000005d03      0x487 ./src/main.o
 .debug_line    0x000000000000618a      0x500 ./src/stm32f1xx_it.o
 .debug_line    0x000000000000668a      0x547 ./src/visEffect.o
 .debug_line    0x0000000000006bd1      0x68f ./src/ws2812b.o

.debug_frame    0x0000000000000000     0x1e80
 *(.debug_frame)
 .debug_frame   0x0000000000000000      0x178 ./system/src/stm32f1xx/stm32f1xx_hal.o
 .debug_frame   0x0000000000000178      0x12c ./system/src/stm32f1xx/stm32f1xx_hal_cortex.o
 .debug_frame   0x00000000000002a4      0x148 ./system/src/stm32f1xx/stm32f1xx_hal_dma.o
 .debug_frame   0x00000000000003ec       0xd4 ./system/src/stm32f1xx/stm32f1xx_hal_gpio.o
 .debug_frame   0x00000000000004c0       0x50 ./system/src/stm32f1xx/stm32f1xx_hal_msp_template.o
 .debug_frame   0x0000000000000510      0x168 ./system/src/stm32f1xx/stm32f1xx_hal_rcc.o
 .debug_frame   0x0000000000000678      0x9e0 ./system/src/stm32f1xx/stm32f1xx_hal_tim.o
 .debug_frame   0x0000000000001058      0x374 ./system/src/stm32f1xx/stm32f1xx_hal_tim_ex.o
 .debug_frame   0x00000000000013cc       0x38 ./system/src/newlib/_exit.o
 .debug_frame   0x0000000000001404       0x28 ./system/src/newlib/_sbrk.o
 .debug_frame   0x000000000000142c       0x7c ./system/src/newlib/_startup.o
 .debug_frame   0x00000000000014a8       0x50 ./system/src/newlib/_syscalls.o
 .debug_frame   0x00000000000014f8       0x94 ./system/src/diag/Trace.o
 .debug_frame   0x000000000000158c       0x64 ./system/src/diag/trace_impl.o
 .debug_frame   0x00000000000015f0       0x40 ./system/src/cortexm/_initialize_hardware.o
 .debug_frame   0x0000000000001630      0x158 ./system/src/cortexm/exception_handlers.o
 .debug_frame   0x0000000000001788       0x30 ./system/src/cmsis/system_stm32f1xx.o
 .debug_frame   0x00000000000017b8       0x48 ./src/main.o
 .debug_frame   0x0000000000001800       0xa8 ./src/stm32f1xx_it.o
 .debug_frame   0x00000000000018a8       0xa8 ./src/visEffect.o
 .debug_frame   0x0000000000001950      0x1c8 ./src/ws2812b.o
 .debug_frame   0x0000000000001b18       0x20 /usr/bin/../lib/gcc/arm-none-eabi/7.2.1/../../../../arm-none-eabi/lib/thumb/v7-m/libg_nano.a(lib_a-errno.o)
 .debug_frame   0x0000000000001b38       0x28 /usr/bin/../lib/gcc/arm-none-eabi/7.2.1/../../../../arm-none-eabi/lib/thumb/v7-m/libg_nano.a(lib_a-memcpy-stub.o)
 .debug_frame   0x0000000000001b60       0x48 /usr/bin/../lib/gcc/arm-none-eabi/7.2.1/../../../../arm-none-eabi/lib/thumb/v7-m/libg_nano.a(lib_a-rand.o)
 .debug_frame   0x0000000000001ba8       0x4c /usr/bin/../lib/gcc/arm-none-eabi/7.2.1/../../../../arm-none-eabi/lib/thumb/v7-m/libg_nano.a(lib_a-vsnprintf.o)
 .debug_frame   0x0000000000001bf4       0x30 /usr/bin/../lib/gcc/arm-none-eabi/7.2.1/../../../../arm-none-eabi/lib/thumb/v7-m/libg_nano.a(lib_a-malloc.o)
 .debug_frame   0x0000000000001c24       0x38 /usr/bin/../lib/gcc/arm-none-eabi/7.2.1/../../../../arm-none-eabi/lib/thumb/v7-m/libg_nano.a(lib_a-nano-freer.o)
 .debug_frame   0x0000000000001c5c       0x2c /usr/bin/../lib/gcc/arm-none-eabi/7.2.1/../../../../arm-none-eabi/lib/thumb/v7-m/libg_nano.a(lib_a-nano-mallocr.o)
 .debug_frame   0x0000000000001c88       0x90 /usr/bin/../lib/gcc/arm-none-eabi/7.2.1/../../../../arm-none-eabi/lib/thumb/v7-m/libg_nano.a(lib_a-nano-svfprintf.o)
 .debug_frame   0x0000000000001d18       0x60 /usr/bin/../lib/gcc/arm-none-eabi/7.2.1/../../../../arm-none-eabi/lib/thumb/v7-m/libg_nano.a(lib_a-nano-vfprintf_i.o)
 .debug_frame   0x0000000000001d78       0x2c /usr/bin/../lib/gcc/arm-none-eabi/7.2.1/../../../../arm-none-eabi/lib/thumb/v7-m/libg_nano.a(lib_a-sbrkr.o)
 .debug_frame   0x0000000000001da4       0x28 /usr/bin/../lib/gcc/arm-none-eabi/7.2.1/../../../../arm-none-eabi/lib/thumb/v7-m/libg_nano.a(lib_a-memchr-stub.o)
 .debug_frame   0x0000000000001dcc       0x28 /usr/bin/../lib/gcc/arm-none-eabi/7.2.1/../../../../arm-none-eabi/lib/thumb/v7-m/libg_nano.a(lib_a-memmove.o)
 .debug_frame   0x0000000000001df4       0x30 /usr/bin/../lib/gcc/arm-none-eabi/7.2.1/../../../../arm-none-eabi/lib/thumb/v7-m/libg_nano.a(lib_a-mlock.o)
 .debug_frame   0x0000000000001e24       0x3c /usr/bin/../lib/gcc/arm-none-eabi/7.2.1/../../../../arm-none-eabi/lib/thumb/v7-m/libg_nano.a(lib_a-nano-reallocr.o)
 .debug_frame   0x0000000000001e60       0x20 /usr/bin/../lib/gcc/arm-none-eabi/7.2.1/../../../../arm-none-eabi/lib/thumb/v7-m/libg_nano.a(lib_a-nano-msizer.o)

.debug_str      0x0000000000000000    0x720a6
 *(.debug_str)
 .debug_str     0x0000000000000000    0x6c7f9 ./system/src/stm32f1xx/stm32f1xx_hal.o
                                      0x6cbe6 (size before relaxing)
 .debug_str     0x000000000006c7f9      0x2d5 ./system/src/stm32f1xx/stm32f1xx_hal_cortex.o
                                      0x6cbf1 (size before relaxing)
 .debug_str     0x000000000006cace      0x3ec ./system/src/stm32f1xx/stm32f1xx_hal_dma.o
                                      0x6c955 (size before relaxing)
 .debug_str     0x000000000006ceba      0x39d ./system/src/stm32f1xx/stm32f1xx_hal_gpio.o
                                      0x6c92d (size before relaxing)
 .debug_str     0x000000000006d257       0x57 ./system/src/stm32f1xx/stm32f1xx_hal_msp_template.o
                                      0x6c554 (size before relaxing)
 .debug_str     0x000000000006d2ae      0x35c ./system/src/stm32f1xx/stm32f1xx_hal_rcc.o
                                      0x6c982 (size before relaxing)
 .debug_str     0x000000000006d60a      0xf07 ./system/src/stm32f1xx/stm32f1xx_hal_tim.o
                                      0x6d682 (size before relaxing)
 .debug_str     0x000000000006e511      0x4e5 ./system/src/stm32f1xx/stm32f1xx_hal_tim_ex.o
                                      0x6cf24 (size before relaxing)
 .debug_str     0x000000000006e9f6     0x10ff ./system/src/newlib/_exit.o
                                       0x7ea7 (size before relaxing)
 .debug_str     0x000000000006faf5      0x4f5 ./system/src/newlib/_sbrk.o
                                       0x7259 (size before relaxing)
 .debug_str     0x000000000006ffea      0x260 ./system/src/newlib/_startup.o
                                       0x6994 (size before relaxing)
 .debug_str     0x000000000007024a      0xe8b ./system/src/newlib/_syscalls.o
                                       0x8134 (size before relaxing)
 .debug_str     0x00000000000710d5      0x183 ./system/src/diag/Trace.o
                                       0x861f (size before relaxing)
 .debug_str     0x0000000000071258      0x36d ./system/src/diag/trace_impl.o
                                      0x5983e (size before relaxing)
 .debug_str     0x00000000000715c5       0x5e ./system/src/cortexm/_initialize_hardware.o
                                      0x55627 (size before relaxing)
 .debug_str     0x0000000000071623      0x19d ./system/src/cortexm/exception_handlers.o
                                      0x5aa5b (size before relaxing)
 .debug_str     0x00000000000717c0       0x39 ./system/src/cmsis/startup_stm32f103xb.o
                                         0x6e (size before relaxing)
 .debug_str     0x00000000000717f9       0x55 ./system/src/cmsis/system_stm32f1xx.o
                                      0x5566d (size before relaxing)
 .debug_str     0x000000000007184e       0x41 ./src/main.o
                                      0x6c68e (size before relaxing)
 .debug_str     0x000000000007188f       0x32 ./src/stm32f1xx_it.o
                                      0x6c5b1 (size before relaxing)
 .debug_str     0x00000000000718c1      0x5d8 ./src/visEffect.o
                                      0x6cbca (size before relaxing)
 .debug_str     0x0000000000071e99      0x20d ./src/ws2812b.o
                                      0x6d413 (size before relaxing)

.debug_loc      0x0000000000000000     0x6a6a
 *(.debug_loc)
 .debug_loc     0x0000000000000000       0x69 ./system/src/stm32f1xx/stm32f1xx_hal.o
 .debug_loc     0x0000000000000069      0x5ad ./system/src/stm32f1xx/stm32f1xx_hal_cortex.o
 .debug_loc     0x0000000000000616      0x7aa ./system/src/stm32f1xx/stm32f1xx_hal_dma.o
 .debug_loc     0x0000000000000dc0      0x44e ./system/src/stm32f1xx/stm32f1xx_hal_gpio.o
 .debug_loc     0x000000000000120e      0x480 ./system/src/stm32f1xx/stm32f1xx_hal_rcc.o
 .debug_loc     0x000000000000168e     0x367a ./system/src/stm32f1xx/stm32f1xx_hal_tim.o
 .debug_loc     0x0000000000004d08      0xf46 ./system/src/stm32f1xx/stm32f1xx_hal_tim_ex.o
 .debug_loc     0x0000000000005c4e       0x85 ./system/src/newlib/_sbrk.o
 .debug_loc     0x0000000000005cd3      0x1a9 ./system/src/newlib/_startup.o
 .debug_loc     0x0000000000005e7c       0x63 ./system/src/newlib/_syscalls.o
 .debug_loc     0x0000000000005edf       0xf6 ./system/src/diag/Trace.o
 .debug_loc     0x0000000000005fd5      0x121 ./system/src/diag/trace_impl.o
 .debug_loc     0x00000000000060f6      0x291 ./system/src/cortexm/exception_handlers.o
 .debug_loc     0x0000000000006387       0xdf ./system/src/cmsis/system_stm32f1xx.o
 .debug_loc     0x0000000000006466      0x1f9 ./src/visEffect.o
 .debug_loc     0x000000000000665f      0x40b ./src/ws2812b.o

.debug_macinfo
 *(.debug_macinfo)

.debug_weaknames
 *(.debug_weaknames)

.debug_funcnames
 *(.debug_funcnames)

.debug_typenames
 *(.debug_typenames)

.debug_varnames
 *(.debug_varnames)
OUTPUT(WS2812b_with_given.elf elf32-littlearm)

.debug_ranges   0x0000000000000000      0xac8
 .debug_ranges  0x0000000000000000       0xa8 ./system/src/stm32f1xx/stm32f1xx_hal.o
 .debug_ranges  0x00000000000000a8       0xe0 ./system/src/stm32f1xx/stm32f1xx_hal_cortex.o
 .debug_ranges  0x0000000000000188       0x70 ./system/src/stm32f1xx/stm32f1xx_hal_dma.o
 .debug_ranges  0x00000000000001f8       0x48 ./system/src/stm32f1xx/stm32f1xx_hal_gpio.o
 .debug_ranges  0x0000000000000240       0x28 ./system/src/stm32f1xx/stm32f1xx_hal_msp_template.o
 .debug_ranges  0x0000000000000268       0xa0 ./system/src/stm32f1xx/stm32f1xx_hal_rcc.o
 .debug_ranges  0x0000000000000308      0x358 ./system/src/stm32f1xx/stm32f1xx_hal_tim.o
 .debug_ranges  0x0000000000000660      0x128 ./system/src/stm32f1xx/stm32f1xx_hal_tim_ex.o
 .debug_ranges  0x0000000000000788       0x18 ./system/src/newlib/_exit.o
 .debug_ranges  0x00000000000007a0       0x10 ./system/src/newlib/_sbrk.o
 .debug_ranges  0x00000000000007b0       0x78 ./system/src/newlib/_startup.o
 .debug_ranges  0x0000000000000828       0x20 ./system/src/newlib/_syscalls.o
 .debug_ranges  0x0000000000000848       0x28 ./system/src/diag/Trace.o
 .debug_ranges  0x0000000000000870       0x50 ./system/src/diag/trace_impl.o
 .debug_ranges  0x00000000000008c0       0x18 ./system/src/cortexm/_initialize_hardware.o
 .debug_ranges  0x00000000000008d8       0x80 ./system/src/cortexm/exception_handlers.o
 .debug_ranges  0x0000000000000958       0x20 ./system/src/cmsis/startup_stm32f103xb.o
 .debug_ranges  0x0000000000000978       0x18 ./system/src/cmsis/system_stm32f1xx.o
 .debug_ranges  0x0000000000000990       0x18 ./src/main.o
 .debug_ranges  0x00000000000009a8       0x50 ./src/stm32f1xx_it.o
 .debug_ranges  0x00000000000009f8       0x38 ./src/visEffect.o
 .debug_ranges  0x0000000000000a30       0x98 ./src/ws2812b.o

.debug_macro    0x0000000000000000    0x16b9d
 .debug_macro   0x0000000000000000      0x2da ./system/src/stm32f1xx/stm32f1xx_hal.o
 .debug_macro   0x00000000000002da      0xa5a ./system/src/stm32f1xx/stm32f1xx_hal.o
 .debug_macro   0x0000000000000d34      0x194 ./system/src/stm32f1xx/stm32f1xx_hal.o
 .debug_macro   0x0000000000000ec8       0x34 ./system/src/stm32f1xx/stm32f1xx_hal.o
 .debug_macro   0x0000000000000efc       0x22 ./system/src/stm32f1xx/stm32f1xx_hal.o
 .debug_macro   0x0000000000000f1e      0x34e ./system/src/stm32f1xx/stm32f1xx_hal.o
 .debug_macro   0x000000000000126c       0x35 ./system/src/stm32f1xx/stm32f1xx_hal.o
 .debug_macro   0x00000000000012a1       0x34 ./system/src/stm32f1xx/stm32f1xx_hal.o
 .debug_macro   0x00000000000012d5      0xb8e ./system/src/stm32f1xx/stm32f1xx_hal.o
 .debug_macro   0x0000000000001e63     0xe90a ./system/src/stm32f1xx/stm32f1xx_hal.o
 .debug_macro   0x000000000001076d       0x43 ./system/src/stm32f1xx/stm32f1xx_hal.o
 .debug_macro   0x00000000000107b0       0x22 ./system/src/stm32f1xx/stm32f1xx_hal.o
 .debug_macro   0x00000000000107d2       0x52 ./system/src/stm32f1xx/stm32f1xx_hal.o
 .debug_macro   0x0000000000010824       0x17 ./system/src/stm32f1xx/stm32f1xx_hal.o
 .debug_macro   0x000000000001083b       0x8d ./system/src/stm32f1xx/stm32f1xx_hal.o
 .debug_macro   0x00000000000108c8       0x35 ./system/src/stm32f1xx/stm32f1xx_hal.o
 .debug_macro   0x00000000000108fd       0x9c ./system/src/stm32f1xx/stm32f1xx_hal.o
 .debug_macro   0x0000000000010999       0x16 ./system/src/stm32f1xx/stm32f1xx_hal.o
 .debug_macro   0x00000000000109af       0x57 ./system/src/stm32f1xx/stm32f1xx_hal.o
 .debug_macro   0x0000000000010a06       0x97 ./system/src/stm32f1xx/stm32f1xx_hal.o
 .debug_macro   0x0000000000010a9d      0x330 ./system/src/stm32f1xx/stm32f1xx_hal.o
 .debug_macro   0x0000000000010dcd       0xfd ./system/src/stm32f1xx/stm32f1xx_hal.o
 .debug_macro   0x0000000000010eca       0x10 ./system/src/stm32f1xx/stm32f1xx_hal.o
 .debug_macro   0x0000000000010eda       0x58 ./system/src/stm32f1xx/stm32f1xx_hal.o
 .debug_macro   0x0000000000010f32       0x1f ./system/src/stm32f1xx/stm32f1xx_hal.o
 .debug_macro   0x0000000000010f51       0x43 ./system/src/stm32f1xx/stm32f1xx_hal.o
 .debug_macro   0x0000000000010f94       0x20 ./system/src/stm32f1xx/stm32f1xx_hal.o
 .debug_macro   0x0000000000010fb4      0x18e ./system/src/stm32f1xx/stm32f1xx_hal.o
 .debug_macro   0x0000000000011142       0x10 ./system/src/stm32f1xx/stm32f1xx_hal.o
 .debug_macro   0x0000000000011152       0x6a ./system/src/stm32f1xx/stm32f1xx_hal.o
 .debug_macro   0x00000000000111bc       0x1c ./system/src/stm32f1xx/stm32f1xx_hal.o
 .debug_macro   0x00000000000111d8       0x52 ./system/src/stm32f1xx/stm32f1xx_hal.o
 .debug_macro   0x000000000001122a       0x40 ./system/src/stm32f1xx/stm32f1xx_hal.o
 .debug_macro   0x000000000001126a       0x10 ./system/src/stm32f1xx/stm32f1xx_hal.o
 .debug_macro   0x000000000001127a       0x40 ./system/src/stm32f1xx/stm32f1xx_hal.o
 .debug_macro   0x00000000000112ba       0xd7 ./system/src/stm32f1xx/stm32f1xx_hal.o
 .debug_macro   0x0000000000011391       0x1c ./system/src/stm32f1xx/stm32f1xx_hal.o
 .debug_macro   0x00000000000113ad       0x3d ./system/src/stm32f1xx/stm32f1xx_hal.o
 .debug_macro   0x00000000000113ea       0x16 ./system/src/stm32f1xx/stm32f1xx_hal.o
 .debug_macro   0x0000000000011400      0x16f ./system/src/stm32f1xx/stm32f1xx_hal.o
 .debug_macro   0x000000000001156f       0x57 ./system/src/stm32f1xx/stm32f1xx_hal.o
 .debug_macro   0x00000000000115c6      0x5c2 ./system/src/stm32f1xx/stm32f1xx_hal.o
 .debug_macro   0x0000000000011b88      0x28b ./system/src/stm32f1xx/stm32f1xx_hal.o
 .debug_macro   0x0000000000011e13      0x1cb ./system/src/stm32f1xx/stm32f1xx_hal.o
 .debug_macro   0x0000000000011fde      0x11e ./system/src/stm32f1xx/stm32f1xx_hal.o
 .debug_macro   0x00000000000120fc      0x197 ./system/src/stm32f1xx/stm32f1xx_hal.o
 .debug_macro   0x0000000000012293       0x27 ./system/src/stm32f1xx/stm32f1xx_hal.o
 .debug_macro   0x00000000000122ba      0x1bc ./system/src/stm32f1xx/stm32f1xx_hal.o
 .debug_macro   0x0000000000012476       0x34 ./system/src/stm32f1xx/stm32f1xx_hal.o
 .debug_macro   0x00000000000124aa       0x3c ./system/src/stm32f1xx/stm32f1xx_hal.o
 .debug_macro   0x00000000000124e6       0x57 ./system/src/stm32f1xx/stm32f1xx_hal.o
 .debug_macro   0x000000000001253d       0x8c ./system/src/stm32f1xx/stm32f1xx_hal.o
 .debug_macro   0x00000000000125c9      0x242 ./system/src/stm32f1xx/stm32f1xx_hal.o
 .debug_macro   0x000000000001280b      0x84c ./system/src/stm32f1xx/stm32f1xx_hal.o
 .debug_macro   0x0000000000013057       0x1f ./system/src/stm32f1xx/stm32f1xx_hal.o
 .debug_macro   0x0000000000013076       0x7c ./system/src/stm32f1xx/stm32f1xx_hal.o
 .debug_macro   0x00000000000130f2      0x2b6 ./system/src/stm32f1xx/stm32f1xx_hal_cortex.o
 .debug_macro   0x00000000000133a8      0x2b6 ./system/src/stm32f1xx/stm32f1xx_hal_dma.o
 .debug_macro   0x000000000001365e      0x326 ./system/src/stm32f1xx/stm32f1xx_hal_gpio.o
 .debug_macro   0x0000000000013984      0x2b6 ./system/src/stm32f1xx/stm32f1xx_hal_msp_template.o
 .debug_macro   0x0000000000013c3a      0x2c8 ./system/src/stm32f1xx/stm32f1xx_hal_rcc.o
 .debug_macro   0x0000000000013f02      0x2b7 ./system/src/stm32f1xx/stm32f1xx_hal_tim.o
 .debug_macro   0x00000000000141b9      0x2b6 ./system/src/stm32f1xx/stm32f1xx_hal_tim_ex.o
 .debug_macro   0x000000000001446f      0x1b4 ./system/src/newlib/_exit.o
 .debug_macro   0x0000000000014623      0x10e ./system/src/newlib/_exit.o
 .debug_macro   0x0000000000014731       0x8d ./system/src/newlib/_exit.o
 .debug_macro   0x00000000000147be       0x35 ./system/src/newlib/_exit.o
 .debug_macro   0x00000000000147f3      0x169 ./system/src/newlib/_sbrk.o
 .debug_macro   0x000000000001495c      0x174 ./system/src/newlib/_sbrk.o
 .debug_macro   0x0000000000014ad0       0x10 ./system/src/newlib/_sbrk.o
 .debug_macro   0x0000000000014ae0      0x23b ./system/src/newlib/_sbrk.o
 .debug_macro   0x0000000000014d1b      0x173 ./system/src/newlib/_startup.o
 .debug_macro   0x0000000000014e8e      0x217 ./system/src/newlib/_syscalls.o
 .debug_macro   0x00000000000150a5       0x1c ./system/src/newlib/_syscalls.o
 .debug_macro   0x00000000000150c1       0x10 ./system/src/newlib/_syscalls.o
 .debug_macro   0x00000000000150d1       0x10 ./system/src/newlib/_syscalls.o
 .debug_macro   0x00000000000150e1       0x10 ./system/src/newlib/_syscalls.o
 .debug_macro   0x00000000000150f1       0x35 ./system/src/newlib/_syscalls.o
 .debug_macro   0x0000000000015126      0x122 ./system/src/newlib/_syscalls.o
 .debug_macro   0x0000000000015248       0x88 ./system/src/newlib/_syscalls.o
 .debug_macro   0x00000000000152d0       0x2b ./system/src/newlib/_syscalls.o
 .debug_macro   0x00000000000152fb      0x118 ./system/src/newlib/_syscalls.o
 .debug_macro   0x0000000000015413      0x189 ./system/src/newlib/_syscalls.o
 .debug_macro   0x000000000001559c       0x16 ./system/src/newlib/_syscalls.o
 .debug_macro   0x00000000000155b2      0x1fb ./system/src/diag/Trace.o
 .debug_macro   0x00000000000157ad       0x4c ./system/src/diag/Trace.o
 .debug_macro   0x00000000000157f9       0x16 ./system/src/diag/Trace.o
 .debug_macro   0x000000000001580f      0x1f9 ./system/src/diag/trace_impl.o
 .debug_macro   0x0000000000015a08       0x10 ./system/src/diag/trace_impl.o
 .debug_macro   0x0000000000015a18       0xcf ./system/src/diag/trace_impl.o
 .debug_macro   0x0000000000015ae7       0xbe ./system/src/diag/trace_impl.o
 .debug_macro   0x0000000000015ba5       0x22 ./system/src/diag/trace_impl.o
 .debug_macro   0x0000000000015bc7       0x8a ./system/src/cortexm/_initialize_hardware.o
 .debug_macro   0x0000000000015c51      0x243 ./system/src/cortexm/exception_handlers.o
 .debug_macro   0x0000000000015e94       0x3b ./system/src/cortexm/exception_handlers.o
 .debug_macro   0x0000000000015ecf       0x10 ./system/src/cortexm/exception_handlers.o
 .debug_macro   0x0000000000015edf       0x92 ./system/src/cmsis/system_stm32f1xx.o
 .debug_macro   0x0000000000015f71      0x2c0 ./src/main.o
 .debug_macro   0x0000000000016231      0x2ca ./src/stm32f1xx_it.o
 .debug_macro   0x00000000000164fb      0x30f ./src/visEffect.o
 .debug_macro   0x000000000001680a       0x7c ./src/visEffect.o
 .debug_macro   0x0000000000016886      0x2fb ./src/ws2812b.o
 .debug_macro   0x0000000000016b81       0x1c ./src/ws2812b.o
